// Vitest Snapshot v1, https://vitest.dev/guide/snapshot.html

exports[`the café table (CW-08) > pins Café Solen, so a change to the generator is a visible decision 1`] = `
{
  "cafeId": "cafe-solen",
  "items": [
    {
      "drawing": "sun",
      "flip": false,
      "region": "board",
      "signature": true,
      "size": 66,
      "spot": "left-low",
      "turn": 27,
      "x": 4,
      "y": 69,
    },
    {
      "drawing": "lamp",
      "flip": false,
      "region": "board",
      "signature": false,
      "size": 56,
      "spot": "right-high",
      "turn": 21,
      "x": 94,
      "y": 29,
    },
    {
      "drawing": "pencil",
      "flip": true,
      "region": "board",
      "signature": false,
      "size": 77,
      "spot": "middle",
      "turn": 14,
      "x": 53,
      "y": 50,
    },
    {
      "drawing": "sun",
      "flip": false,
      "region": "bottom",
      "signature": true,
      "size": 39,
      "spot": "corner",
      "turn": 16,
      "x": 81,
      "y": 57,
    },
    {
      "drawing": "cup",
      "flip": true,
      "region": "bottom",
      "signature": false,
      "size": 21,
      "spot": "beside",
      "turn": 10,
      "x": 59,
      "y": 21,
    },
    {
      "drawing": "spoon",
      "flip": true,
      "region": "bottom",
      "signature": false,
      "size": 42,
      "spot": "along",
      "turn": 42,
      "x": 44,
      "y": 81,
    },
  ],
  "signature": "sun",
}
`;
